// Jest Snapshot v1, https://goo.gl/fbAQLP

exports[`Card Component renders properly 1`] = `
<styled.section>
   
  <Loader />
   
</styled.section>
`;
