// Jest Snapshot v1, https://goo.gl/fbAQLP

exports[`App Component renders properly 1`] = `
<styled.footer>
  Developed by Rodrigo Dugin
</styled.footer>
`;
