// Jest Snapshot v1, https://goo.gl/fbAQLP

exports[`Footer Card Component renders properly 1`] = `
<styled.section>
  <p>
    FEATURED IN
    <styled.span>
       
      4
    </styled.span>
     FILMS
  </p>
</styled.section>
`;
