// Jest Snapshot v1, https://goo.gl/fbAQLP

exports[`App Component renders properly 1`] = `
<div>
  <Styled(Box)
    width={
      Array [
        0.875,
        0.5714285714285714,
        0.5,
        0.42857142857142855,
      ]
    }
  >
    <Card
      info="xyz"
    />
    <Button
      text="Next"
    />
  </Styled(Box)>
</div>
`;
