// Jest Snapshot v1, https://goo.gl/fbAQLP

exports[`Loader Component renders properly 1`] = `
<styled.section>
  <Loading
    color="#00175B"
    delay={0}
    height={30}
    type="spin"
    width={30}
  />
  <span>
    Loading...
  </span>
</styled.section>
`;
