// Jest Snapshot v1, https://goo.gl/fbAQLP

exports[`Title Component renders properly 1`] = `
<styled.h1>
  Coruscant
</styled.h1>
`;
